>> mysh.py
parsing.py
>> /usr/sbin/ls
/usr/sbin/grep
>> >> >> ls not found
grep not found
>> mysh: command not found: echo
>> >> /usr/sbin/ls
/usr/sbin/grep
>> io_files
run_tests.sh
words.txt
>> 
