>> /home/tests
>> >> /home/tests/io_files
>> >> /home
>> cd: no such file or directory: /home/non_existant
>> /home
>> mysh.py
parsing.py
__pycache__
tests
>> >> /home/tests
>> 
