>> hi
>> >> 7
>> >> pianoforte
>> io_files
run_tests.sh
words.txt
>> 
