>> Hello
>> var: invalid characters for variable *()()
>> 
